1 | Page : /temps/4IF18.html | hit : 3
2 | Page : /temps/3IF38.html | hit : 2
3 | Page : /temps/4IF16.html | hit : 1
Dot-File graphTest.dot généré

