Droits insuffisants en lecture sur le fichier log : arrÃªt du programme
