Argument manquant : nom de fichier
Arrêt du programme

