Argument attendu après -l : path vers un fichier
Arrêt du programme