Fichier URL locales inexistant : arrêt du programme
