1 | Page : /temps/4IF16.html | hit : 2
2 | Page : /temps/4IF18.html | hit : 1


