Droits insuffisants en lecture sur le fichier URL locales : arrÃªt du programme
