Argument -t invalide : type int attendu
ArrÃªt du programme
